logging is set, logfile: log_test
Smoke.gdf
Smoke!!!
