logging is set, logfile: logdefault.txt
Smoke.gdf
Smoke!!!
